Running Gradle task 'assembleRelease'...                        
flutter : 
At line:1 char:1
+ flutter build apk --release > build_output.txt 
2>&1
+ 
~~~~~~~~~~~~~~~~~~~~~~~~~~~~~~~~~~~~~~~~~~~~~~~~~~~
    + CategoryInfo          : NotSpecified: (:Strin 
   g) [], RemoteException
    + FullyQualifiedErrorId : NativeCommandError
 
FAILURE: Build failed with an exception.

* What went wrong:
Execution failed for task 
':app:checkReleaseAarMetadata'.
> A failure occurred while executing com.android.bui
ld.gradle.internal.tasks.CheckAarMetadataWorkAction
   > An issue was found when checking AAR metadata:

       1.  Dependency 
':flutter_local_notifications' requires core 
library desugaring to be enabled
           for :app.

           See https://developer.android.com/studio/
write/java8-support.html for more
           details.

* Try:
> Run with --stacktrace option to get the stack 
trace.
> Run with --info or --debug option to get more log 
output.
> Run with --scan to get full insights.
> Get more help at https://help.gradle.org.

BUILD FAILED in 6s
Running Gradle task 'assembleRelease'...                            7.1s
Gradle task assembleRelease failed with exit code 1
